[1;38;2;208;169;255m Cicerone  Package updates                                              [m│[1;38;2;208;169;255m Inspector                                     [m
 Search:                     Roll up: off                               │ Select an update to inspect.                  
 Error: database unavailable                                            │                                               
                                                                        │                                               
                                                                        │                                               
                                                                        │                                               
                                                                        │                                               
                                                                        │                                               
                                                                        │                                               
                                                                        │                                               
                                                                        │                                               
[38;2;239;229;250;48;2;56;38;74m Ready                                                                                                                  [m