[1;38;2;208;169;255m Cicerone  Package updates                                              [m
 Search:                     Roll up: off                               
[1;38;2;25;15;36;48;2;199;155;255m› ripgrep            version  1 → 2                                     [m
    └ version          1 → 2                                            
  git                version  1 → 2                                     
                                                                        
                                                                        
                                                                        
                                                                        
[38;2;239;229;250;48;2;56;38;74m Ready                                                                  [m