[1;38;2;208;169;255m Inspector                                                              [m
 ripgrep                                                                
 version  1 → 2                                                         
                                                                        
 Changelog                                                              
 2.0                                                                    
 Faster search                                                          
 Improved diagnostics                                                   
                                                                        
[38;2;239;229;250;48;2;56;38;74m Ready                                                                  [m