[1;38;2;74;45;122m Cicerone  Package updates                                              [m│[1;38;2;74;45;122m Inspector                                     [m
 Search:                     Roll up: off                               │ ripgrep                                       
[1;38;2;255;255;255;48;2;109;69;161m› ripgrep            version  1 → 2                                     [m│ version  1 → 2                                
    └ version          1 → 2                                            │                                               
  git                version  1 → 2                                     │ Changelog                                     
                                                                        │ 2.0                                           
                                                                        │ Faster search                                 
                                                                        │ Improved diagnostics                          
                                                                        │                                               
                                                                        │                                               
                                                                        │                                               
[38;2;46;32;64;48;2;233;223;245m Ready                                                                                                                  [m